******************************************************************************
                  TI ARM Linker PC v20.2.7                     
******************************************************************************
>> Linked Tue Mar 11 06:15:40 2025

OUTPUT FILE NAME:   <P4_8.out>
ENTRY POINT SYMBOL: "_c_int00_noargs"  address: 000003f1


MEMORY CONFIGURATION

         name            origin    length      used     unused   attr    fill
----------------------  --------  ---------  --------  --------  ----  --------
  FLASH                 00000000   00100000  00000466  000ffb9a  R  X
  SRAM                  20000000   00040000  00000208  0003fdf8  RW X


SEGMENT ALLOCATION MAP

run origin  load origin   length   init length attrs members
----------  ----------- ---------- ----------- ----- -------
00000000    00000000    00000468   00000468    r-x
  00000000    00000000    00000208   00000208    r-- .intvecs
  00000208    00000208    0000023e   0000023e    r-x .text
  00000448    00000448    00000020   00000020    r-- .cinit
20000000    20000000    00000208   00000000    rw-
  20000000    20000000    00000200   00000000    rw- .stack
  20000200    20000200    00000008   00000000    rw- .data


SECTION ALLOCATION MAP

 output                                  attributes/
section   page    origin      length       input sections
--------  ----  ----------  ----------   ----------------
.intvecs   0    00000000    00000208     
                  00000000    00000208     tm4c1294ncpdt_startup_ccs.obj (.intvecs)

.text      0    00000208    0000023e     
                  00000208    0000009c     rtsv7M4_T_le_v4SPD16_eabi.lib : memcpy_t2.asm.obj (.text)
                  000002a4    00000068                                   : copy_decompress_lzss.c.obj (.text:decompress:lzss:__TI_decompress_lzss)
                  0000030c    00000054     Subrutinas2.obj (.text)
                  00000360    0000004a     GPIOS.obj (.text)
                  000003aa    00000002     --HOLE-- [fill = 0]
                  000003ac    00000044     rtsv7M4_T_le_v4SPD16_eabi.lib : autoinit.c.obj (.text:__TI_auto_init_nobinit_nopinit:__TI_auto_init_nobinit_nopinit)
                  000003f0    00000034                                   : boot_cortex_m.c.obj (.text:_c_int00_noargs:_c_int00_noargs)
                  00000424    0000000e                                   : copy_decompress_none.c.obj (.text:decompress:none:__TI_decompress_none)
                  00000432    0000000c     tm4c1294ncpdt_startup_ccs.obj (.text)
                  0000043e    00000004     rtsv7M4_T_le_v4SPD16_eabi.lib : pre_init.c.obj (.text:_system_pre_init)
                  00000442    00000004                                   : exit.c.obj (.text:abort:abort)

.cinit     0    00000448    00000020     
                  00000448    0000000d     (.cinit..data.load) [load image, compression = lzss]
                  00000455    00000003     --HOLE-- [fill = 0]
                  00000458    00000008     (__TI_handler_table)
                  00000460    00000008     (__TI_cinit_table)

.init_array 
*          0    00000000    00000000     UNINITIALIZED

.data      0    20000200    00000008     UNINITIALIZED
                  20000200    00000008     Subrutinas2.obj (.data)

.stack     0    20000000    00000200     UNINITIALIZED
                  20000000    00000004     rtsv7M4_T_le_v4SPD16_eabi.lib : boot_cortex_m.c.obj (.stack)
                  20000004    000001fc     --HOLE--

__llvm_prf_cnts 
*          0    20000000    00000000     UNINITIALIZED

MODULE SUMMARY

       Module                          code   ro data   rw data
       ------                          ----   -------   -------
    .\
       tm4c1294ncpdt_startup_ccs.obj   12     520       0      
       Subrutinas2.obj                 84     0         8      
       GPIOS.obj                       74     0         0      
    +--+-------------------------------+------+---------+---------+
       Total:                          170    520       8      
                                                               
    C:\ti\ccs1281\ccs\tools\compiler\ti-cgt-arm_20.2.7.LTS\lib\rtsv7M4_T_le_v4SPD16_eabi.lib
       memcpy_t2.asm.obj               156    0         0      
       copy_decompress_lzss.c.obj      104    0         0      
       autoinit.c.obj                  68     0         0      
       boot_cortex_m.c.obj             52     0         0      
       copy_decompress_none.c.obj      14     0         0      
       exit.c.obj                      4      0         0      
       pre_init.c.obj                  4      0         0      
    +--+-------------------------------+------+---------+---------+
       Total:                          402    0         0      
                                                               
       Stack:                          0      0         512    
       Linker Generated:               0      29        0      
    +--+-------------------------------+------+---------+---------+
       Grand Total:                    572    549       520    


LINKER GENERATED COPY TABLES

__TI_cinit_table @ 00000460 records: 1, size/record: 8, table size: 8
	.data: load addr=00000448, load size=0000000d bytes, run addr=20000200, run size=00000008 bytes, compression=lzss


LINKER GENERATED HANDLER TABLE

__TI_handler_table @ 00000458 records: 2, size/record: 4, table size: 8
	index: 0, handler: __TI_decompress_lzss
	index: 1, handler: __TI_decompress_none


GLOBAL SYMBOLS: SORTED ALPHABETICALLY BY Name 

address   name                          
-------   ----                          
00000443  C$$EXIT                       
00000433  ResetISR                      
20000200  __STACK_END                   
00000200  __STACK_SIZE                  
20000200  __STACK_TOP                   
00000460  __TI_CINIT_Base               
00000468  __TI_CINIT_Limit              
00000458  __TI_Handler_Table_Base       
00000460  __TI_Handler_Table_Limit      
000003ad  __TI_auto_init_nobinit_nopinit
000002a5  __TI_decompress_lzss          
00000425  __TI_decompress_none          
ffffffff  __TI_pprof_out_hndl           
ffffffff  __TI_prof_data_size           
ffffffff  __TI_prof_data_start          
00000000  __TI_static_base__            
00000209  __aeabi_memcpy                
00000209  __aeabi_memcpy4               
00000209  __aeabi_memcpy8               
ffffffff  __binit__                     
ffffffff  __c_args__                    
UNDEFED   __mpu_init                    
20000000  __stack                       
20000000  __start___llvm_prf_cnts       
20000000  __stop___llvm_prf_cnts        
000003f1  _c_int00_noargs               
UNDEFED   _system_post_cinit            
0000043f  _system_pre_init              
00000443  abort                         
ffffffff  binit                         
20000200  dat1                          
00000000  g_pfnVectors                  
00000319  main                          
00000209  memcpy                        
00000379  port_init                     


GLOBAL SYMBOLS: SORTED BY Symbol Address 

address   name                          
-------   ----                          
00000000  __TI_static_base__            
00000000  g_pfnVectors                  
00000200  __STACK_SIZE                  
00000209  __aeabi_memcpy                
00000209  __aeabi_memcpy4               
00000209  __aeabi_memcpy8               
00000209  memcpy                        
000002a5  __TI_decompress_lzss          
00000319  main                          
00000379  port_init                     
000003ad  __TI_auto_init_nobinit_nopinit
000003f1  _c_int00_noargs               
00000425  __TI_decompress_none          
00000433  ResetISR                      
0000043f  _system_pre_init              
00000443  C$$EXIT                       
00000443  abort                         
00000458  __TI_Handler_Table_Base       
00000460  __TI_CINIT_Base               
00000460  __TI_Handler_Table_Limit      
00000468  __TI_CINIT_Limit              
20000000  __stack                       
20000000  __start___llvm_prf_cnts       
20000000  __stop___llvm_prf_cnts        
20000200  __STACK_END                   
20000200  __STACK_TOP                   
20000200  dat1                          
ffffffff  __TI_pprof_out_hndl           
ffffffff  __TI_prof_data_size           
ffffffff  __TI_prof_data_start          
ffffffff  __binit__                     
ffffffff  __c_args__                    
ffffffff  binit                         
UNDEFED   __mpu_init                    
UNDEFED   _system_post_cinit            

[35 symbols]
