******************************************************************************
                  TI ARM Linker PC v20.2.5                     
******************************************************************************
>> Linked Tue May 13 11:10:01 2025

OUTPUT FILE NAME:   <ADC_TIMER_P89B.out>
ENTRY POINT SYMBOL: "_c_int00_noargs"  address: 00000499


MEMORY CONFIGURATION

         name            origin    length      used     unused   attr    fill
----------------------  --------  ---------  --------  --------  ----  --------
  FLASH                 00000000   00100000  00000510  000ffaf0  R  X
  SRAM                  20000000   00040000  00000208  0003fdf8  RW X


SEGMENT ALLOCATION MAP

run origin  load origin   length   init length attrs members
----------  ----------- ---------- ----------- ----- -------
00000000    00000000    00000514   00000514    r-x
  00000000    00000000    00000208   00000208    r-- .intvecs
  00000208    00000208    000002f4   000002f4    r-x .text
  00000500    00000500    00000014   00000014    r-- .cinit
20000000    20000000    00000208   00000000    rw-
  20000000    20000000    00000200   00000000    rw- .stack
  20000200    20000200    00000008   00000000    rw- .bss


SECTION ALLOCATION MAP

 output                                  attributes/
section   page    origin      length       input sections
--------  ----  ----------  ----------   ----------------
.intvecs   0    00000000    00000208     
                  00000000    00000208     tm4c1294ncpdt_startup_ccs.obj (.intvecs)

.text      0    00000208    000002f4     
                  00000208    0000024c     main.obj (.text)
                  00000454    00000044     rtsv7M4_T_le_v4SPD16_eabi.lib : autoinit.c.obj (.text:__TI_auto_init_nobinit_nopinit:__TI_auto_init_nobinit_nopinit)
                  00000498    00000034                                   : boot_cortex_m.c.obj (.text:_c_int00_noargs:_c_int00_noargs)
                  000004cc    0000001c                                   : copy_zero_init.c.obj (.text:decompress:ZI:__TI_zero_init_nomemset:__TI_zero_init_nomemset)
                  000004e8    0000000c     tm4c1294ncpdt_startup_ccs.obj (.text)
                  000004f4    00000004     rtsv7M4_T_le_v4SPD16_eabi.lib : pre_init.c.obj (.text:_system_pre_init)
                  000004f8    00000004                                   : exit.c.obj (.text:abort:abort)

.cinit     0    00000500    00000014     
                  00000500    00000008     (.cinit..bss.load) [load image, compression = zero_init]
                  00000508    00000004     (__TI_handler_table)
                  0000050c    00000008     (__TI_cinit_table)

.init_array 
*          0    00000000    00000000     UNINITIALIZED

.bss       0    20000200    00000008     UNINITIALIZED
                  20000200    00000004     (.common:x)
                  20000204    00000004     (.common:y)

.stack     0    20000000    00000200     UNINITIALIZED
                  20000000    00000004     rtsv7M4_T_le_v4SPD16_eabi.lib : boot_cortex_m.c.obj (.stack)
                  20000004    000001fc     --HOLE--

__llvm_prf_cnts 
*          0    20000000    00000000     UNINITIALIZED

MODULE SUMMARY

       Module                          code   ro data   rw data
       ------                          ----   -------   -------
    .\
       main.obj                        588    0         8      
       tm4c1294ncpdt_startup_ccs.obj   12     520       0      
    +--+-------------------------------+------+---------+---------+
       Total:                          600    520       8      
                                                               
    C:\ti\ccs1100\ccs\tools\compiler\ti-cgt-arm_20.2.5.LTS\lib\rtsv7M4_T_le_v4SPD16_eabi.lib
       autoinit.c.obj                  68     0         0      
       boot_cortex_m.c.obj             52     0         0      
       copy_zero_init.c.obj            28     0         0      
       exit.c.obj                      4      0         0      
       pre_init.c.obj                  4      0         0      
    +--+-------------------------------+------+---------+---------+
       Total:                          156    0         0      
                                                               
       Stack:                          0      0         512    
       Linker Generated:               0      20        0      
    +--+-------------------------------+------+---------+---------+
       Grand Total:                    756    540       520    


LINKER GENERATED COPY TABLES

__TI_cinit_table @ 0000050c records: 1, size/record: 8, table size: 8
	.bss: load addr=00000500, load size=00000008 bytes, run addr=20000200, run size=00000008 bytes, compression=zero_init


LINKER GENERATED HANDLER TABLE

__TI_handler_table @ 00000508 records: 1, size/record: 4, table size: 4
	index: 0, handler: __TI_zero_init


GLOBAL SYMBOLS: SORTED ALPHABETICALLY BY Name 

address   name                          
-------   ----                          
000004f9  C$$EXIT                       
000004e9  ResetISR                      
20000200  __STACK_END                   
00000200  __STACK_SIZE                  
20000200  __STACK_TOP                   
0000050c  __TI_CINIT_Base               
00000514  __TI_CINIT_Limit              
00000508  __TI_Handler_Table_Base       
0000050c  __TI_Handler_Table_Limit      
00000455  __TI_auto_init_nobinit_nopinit
ffffffff  __TI_pprof_out_hndl           
ffffffff  __TI_prof_data_size           
ffffffff  __TI_prof_data_start          
00000000  __TI_static_base__            
000004cd  __TI_zero_init_nomemset       
ffffffff  __binit__                     
ffffffff  __c_args__                    
UNDEFED   __mpu_init                    
20000000  __stack                       
20000000  __start___llvm_prf_cnts       
20000000  __stop___llvm_prf_cnts        
00000499  _c_int00_noargs               
UNDEFED   _system_post_cinit            
000004f5  _system_pre_init              
000004f9  abort                         
ffffffff  binit                         
00000000  g_pfnVectors                  
00000273  initADC0                      
00000255  initPORTN                     
00000359  initTIMER5A                   
0000022f  intADC0SS2                    
00000209  intTIMER5A                    
000003a1  main                          
20000200  x                             
20000204  y                             


GLOBAL SYMBOLS: SORTED BY Symbol Address 

address   name                          
-------   ----                          
00000000  __TI_static_base__            
00000000  g_pfnVectors                  
00000200  __STACK_SIZE                  
00000209  intTIMER5A                    
0000022f  intADC0SS2                    
00000255  initPORTN                     
00000273  initADC0                      
00000359  initTIMER5A                   
000003a1  main                          
00000455  __TI_auto_init_nobinit_nopinit
00000499  _c_int00_noargs               
000004cd  __TI_zero_init_nomemset       
000004e9  ResetISR                      
000004f5  _system_pre_init              
000004f9  C$$EXIT                       
000004f9  abort                         
00000508  __TI_Handler_Table_Base       
0000050c  __TI_CINIT_Base               
0000050c  __TI_Handler_Table_Limit      
00000514  __TI_CINIT_Limit              
20000000  __stack                       
20000000  __start___llvm_prf_cnts       
20000000  __stop___llvm_prf_cnts        
20000200  __STACK_END                   
20000200  __STACK_TOP                   
20000200  x                             
20000204  y                             
ffffffff  __TI_pprof_out_hndl           
ffffffff  __TI_prof_data_size           
ffffffff  __TI_prof_data_start          
ffffffff  __binit__                     
ffffffff  __c_args__                    
ffffffff  binit                         
UNDEFED   __mpu_init                    
UNDEFED   _system_post_cinit            

[35 symbols]
